
Running 1 test using 1 worker

  ✘  1 [web-ui-chromium] › tests/e2e/web-ui-admin-instrument-editor.spec.ts:5:6 › @web-ui Admin Instrument Editor › can edit instrument, reorder scale options, verify question-note prompt, and check 1-based diff labeling (31.6s)
  ✘  2 [web-ui-chromium] › tests/e2e/web-ui-admin-instrument-editor.spec.ts:5:6 › @web-ui Admin Instrument Editor › can edit instrument, reorder scale options, verify question-note prompt, and check 1-based diff labeling (retry #1) (31.5s)


  1) [web-ui-chromium] › tests/e2e/web-ui-admin-instrument-editor.spec.ts:5:6 › @web-ui Admin Instrument Editor › can edit instrument, reorder scale options, verify question-note prompt, and check 1-based diff labeling 

    TimeoutError: page.waitForURL: Timeout 30000ms exceeded.
    =========================== logs ===========================
    waiting for navigation until "load"
    ============================================================

       at helpers/auth.ts:38

      36 |
      37 | 	await Promise.all([
    > 38 | 		page.waitForURL(url => url.pathname.startsWith(`/${role}/`), { timeout: 30_000 }),
         | 		     ^
      39 | 		submitButton.click()
      40 | 	]);
      41 | }
        at loginAsRole (/Users/praty/Desktop/StudentJob/playspace/audit-tools-playspace-frontend/tests/helpers/auth.ts:38:8)
        at /Users/praty/Desktop/StudentJob/playspace/audit-tools-playspace-frontend/tests/e2e/web-ui-admin-instrument-editor.spec.ts:8:3

    attachment #1: screenshot (image/png) ──────────────────────────────────────────────────────────
    test-results/e2e-web-ui-admin-instrumen-7e457-check-1-based-diff-labeling-web-ui-chromium/test-failed-1.png
    ────────────────────────────────────────────────────────────────────────────────────────────────

    attachment #2: video (video/webm) ──────────────────────────────────────────────────────────────
    test-results/e2e-web-ui-admin-instrumen-7e457-check-1-based-diff-labeling-web-ui-chromium/video.webm
    ────────────────────────────────────────────────────────────────────────────────────────────────

    Error Context: test-results/e2e-web-ui-admin-instrumen-7e457-check-1-based-diff-labeling-web-ui-chromium/error-context.md

    attachment #4: trace (application/zip) ─────────────────────────────────────────────────────────
    test-results/e2e-web-ui-admin-instrumen-7e457-check-1-based-diff-labeling-web-ui-chromium/trace.zip
    Usage:

        pnpm exec playwright show-trace test-results/e2e-web-ui-admin-instrumen-7e457-check-1-based-diff-labeling-web-ui-chromium/trace.zip

    ────────────────────────────────────────────────────────────────────────────────────────────────

    Retry #1 ───────────────────────────────────────────────────────────────────────────────────────

    TimeoutError: page.waitForURL: Timeout 30000ms exceeded.
    =========================== logs ===========================
    waiting for navigation until "load"
    ============================================================

       at helpers/auth.ts:38

      36 |
      37 | 	await Promise.all([
    > 38 | 		page.waitForURL(url => url.pathname.startsWith(`/${role}/`), { timeout: 30_000 }),
         | 		     ^
      39 | 		submitButton.click()
      40 | 	]);
      41 | }
        at loginAsRole (/Users/praty/Desktop/StudentJob/playspace/audit-tools-playspace-frontend/tests/helpers/auth.ts:38:8)
        at /Users/praty/Desktop/StudentJob/playspace/audit-tools-playspace-frontend/tests/e2e/web-ui-admin-instrument-editor.spec.ts:8:3

    attachment #1: screenshot (image/png) ──────────────────────────────────────────────────────────
    test-results/e2e-web-ui-admin-instrumen-7e457-check-1-based-diff-labeling-web-ui-chromium-retry1/test-failed-1.png
    ────────────────────────────────────────────────────────────────────────────────────────────────

    attachment #2: video (video/webm) ──────────────────────────────────────────────────────────────
    test-results/e2e-web-ui-admin-instrumen-7e457-check-1-based-diff-labeling-web-ui-chromium-retry1/video.webm
    ────────────────────────────────────────────────────────────────────────────────────────────────

    Error Context: test-results/e2e-web-ui-admin-instrumen-7e457-check-1-based-diff-labeling-web-ui-chromium-retry1/error-context.md

    attachment #4: trace (application/zip) ─────────────────────────────────────────────────────────
    test-results/e2e-web-ui-admin-instrumen-7e457-check-1-based-diff-labeling-web-ui-chromium-retry1/trace.zip
    Usage:

        pnpm exec playwright show-trace test-results/e2e-web-ui-admin-instrumen-7e457-check-1-based-diff-labeling-web-ui-chromium-retry1/trace.zip

    ────────────────────────────────────────────────────────────────────────────────────────────────

  1 failed
    [web-ui-chromium] › tests/e2e/web-ui-admin-instrument-editor.spec.ts:5:6 › @web-ui Admin Instrument Editor › can edit instrument, reorder scale options, verify question-note prompt, and check 1-based diff labeling 
